FLOW            ACTIVITY
cc              verif
collage_tb      integration
cpp             verif
crflow          register
dc              syn
dvt             verif
vc_emu_effm     verif/emu
emuvcs          verif/emu
palladium       verif/emu
veloce          verif/emu
zebu            verif/emu
emu             verif
euclide         verif
fe_packager     misc
haps            verif/fpga
vps             verif/fpga
fpga            verif
fuseflow        register
fusegen         register
genus           syn
ipxact          integration
ipxact_verifier integration
jem             verif
magillem        integration
nebulon         register
onesource       register
questasim       verif
questasimmpp    verif
sgcdc           static
sgdft           static
sglint          static
sgol            static
vcformal        static 
vcssim          verif
vcssimmpp       verif
vcssimemu       verif
vcssimmppxprop  verif
visa            dfx 
visadv          verif
xceliumsim      verif
xceliumsimmpp   verif
collage         integration
defacto         integration
dffm            dfx
effm_zebu       static
effm_veloce     static
effm_fpga       static
effm_vps        static
effm_palladium  static
fc              syn
fepackager      handoff
fishtail        static
jasper          static
lec             static
h2b             handoff
ipqc            handoff
mint            dfx
mti             dfx
powerartist     power
pprtl		power
pprtl2          power
puni            handoff
r2g_lite        handoff
questa          verif
upf_utils       integration
vc_lp           static
vc_common       static
vc_lint         static
vc_effm         static
vc_sva          static
vc_ol           static
vc_rdc          static
vc_cdc          static
vc_idc          static
vcs             verif
xcelium         verif
certitude       verif
designpackage   designpackage
vcssimzoix      verif
socbuilder      integration
ub              dfx
rtla		integration
rtlaqor         syn
vmsrunner       verif
vmsplanner      verif
